// license:BSD-3-Clause
// copyright-holders:Aaron Giles
/******************************************************************************

    tiny.lst

    List of all enabled drivers in the system. This file is parsed by
    makelist.exe, sorted, and output as C code describing the drivers.

******************************************************************************/

@source:astrocde.cpp
demndrgn                        // (c) 1982 Bally Midway
ebases                          // (c) 1980
gorf                            // (c) 1981
gorfpgm1                        // (c) 1981
gorfpgm1g                       // (c) 1981
profpac                         // (c) 1983 Bally Midway
robby                           // (c) 1981 Bally Midway
seawolf2                        // (c) 1978
spacezap                        // (c) 1980
tenpindx                        // (c) 1983 Bally Midway
wow                             // (c) 1980
wowg                            // (c) 1980

@source:gridlee.cpp
gridlee                         // [1983 Videa] prototype - no copyright notice

@source:williams.cpp
alienar                         // (c) 1985 Duncan Brown
alienaru                        // (c) 1985 Duncan Brown
batlzone                        // bootleg?
blaster                         // (c) 1983
blasterkit                      // (c) 1983
blastero                        // (c) 1983
bubbles                         // (c) 1982
bubblesp                        // (c) 1982
bubblesr                        // (c) 1982
colony7                         // (c) 1981 Taito
colony7a                        // (c) 1981 Taito
defcmnd                         // bootleg
defence                         // bootleg
defender                        // (c) 1980
defenderb                       // (c) 1980
defenderg                       // (c) 1980
defenderw                       // (c) 1980
defndjeu                        // bootleg
inferno                         // (c) 1984
jin                             // Falcon bootleg/hack
joust                           // (c) 1982
joust2                          // (c) 1986
joust2r1                        // (c) 1986
joustr                          // (c) 1982
joustwr                         // (c) 1982
lottofun                        // (c) 1987 H.A.R. Management
mayday                          // bootleg
maydaya                         // bootleg
maydayb                         // bootleg
mysticm                         // (c) 1983
mysticmp                        // (c) 1983 Prototype
playball                        // (c) 1983
robotron                        // (c) 1982
robotronyo                      // (c) 1982
robotron87                      //
robotron12                      //
robotrontd                      //
sinistar                        // (c) 1982
sinistar1                       // (c) 1982
sinistar2                       // (c) 1982
spdball                         // (c) 1985
splat                           // (c) 1982
stargate                        // (c) 1981
startrkd                        // bootleg
tornado1                        // bootleg
tornado2                        // bootleg
tshoot                          // (c) 1984
zero                            // bootleg
zero2                           // bootleg

@source:carpolo.cpp
carpolo                         // (c) 1977

@source:exidy.cpp
fax                             // (c) 1983
fax2                            // (c) 1983
hardhat                         // (c) 1982
mtrap                           // (c) 1981
mtrap3                          // (c) 1981
mtrap4                          // (c) 1981
mtrapb                          // bootleg
panzer                          // (c) 1980 Proel (bootleg)
pepper2                         // (c) 1982
pepper27                        // (c) 1982
phantom                         // (c) 1980 Proel (bootleg)
phantoma                        // (c) 1980 Jeutel (bootleg)
rallys                          // (c) 1980 Novar (bootleg)
rallysa                         // (c) 1980 Musik Box Brescia (bootleg)
sidetrac                        // (c) 1979
spectar                         // (c) 1980
spectar1                        // (c) 1980
targ                            // (c) 1980
targc                           // (c) 1980
teetert                         // (c) 1981
venture                         // (c) 1981
venture2                        // (c) 1981
venture4                        // (c) 1981

@source:circus.cpp
circus                          // no copyright notice [1977?]
crash                           // Exidy [1979?]
ripcord                         // Exidy [1977?]
robotbwl                        // no copyright notice
smash                           // bootleg
springbd                        // Sub-Electro bootleg of Circus

@source:starfire.cpp
fireone                         // (c) 1979 Exidy
starfir2                        // (c) 1979 Exidy
starfire                        // Exidy [1979?]
starfirea                       // Exidy [1979?]

@source:victory.cpp
victorba                        // (c) 1982
victory                         // (c) 1982

@source:vertigo.cpp
topgunnr                        // (c) 1986

@source:looping.cpp
looping                         // (c) 1982 Video Games GmbH
loopingv                        // (c) 1982 Video Games GmbH (Venture Line license)
loopingva                       // (c) 1982 Video Games GmbH (Venture Line license)
skybump                         // (c) 1982 Venture Line

@source:supertnk.cpp
supertnk                        // (c) 1981 VIDEO GAMES GmbH, W.-GERMANY

@source:wrally.cpp
wrally                          // (c) 1993 - Ref 930705
wrallya                         // (c) 1993 - Ref 930705
wrallyat                        // (c) 1993 - Ref 930217
wrallyb                         // (c) 1993 - Ref 930217

@source:abc80.cpp
abc80                           //

@source:intv.cpp
intv                            // Mattel Intellivision - 1979 AKA INTV
intv2                           // Mattel Intellivision II- 1982?
intvecs                         // 1983 - Mattel Intellivision w/ECS and IntelliVoice expansions
intvkbd                         // 1981 - Mattel Intellivision Keyboard Component
intvoice                        // Mattel Intellivision + IntelliVoice expansion - 1982
intvsrs                         // Intellivision (Sears License) - 19??

@source:1942.cpp
1942                            // 12/1984 (c) 1984
1942a                           // 12/1984 (c) 1984
1942abl                         // bootleg
1942b                           // 12/1984 (c) 1984
1942h                           // hack (Two Bit Score?)
1942p                           // prototype
1942w                           // 12/1984 (c) 1984 + Williams Electronics license (c) 1985

@source:1943.cpp
1943                            // 6/1987 (c) 1987 (Euro)
1943b                           // bootleg
1943bj                          // bootleg
1943j                           // 6/1987 (c) 1987 (Japan) Rev B
1943ja                          // 6/1987 (c) 1987 (Japan)
1943kai                         // 6/1988 (c) 1987 (Japan)
1943mii                         // 6/1988 (c) 1987 (US)
1943u                           // 6/1987 (c) 1987 (US) Rev C
1943ua                          // 6/1987 (c) 1987 (US)

@source:popeye.cpp
popeye                          // (c) 1982
popeyebl                        // bootleg
popeyef                         // (c) 1982
popeyeu                         // (c) 1982
popeyej                         //
skyskipr                        // (c) 1981

@source:mario.cpp
dkong3abl                       //
mario                           // (c) 1983 Nintendo of America
mariobl                         // bootleg
marioe                          // (c) 1983 Nintendo of America
marioj                          // (c) 1983 Nintendo
marioo                          // (c) 1983 Nintendo of America
masao                           // bootleg

@source:pong.cpp
breakout                        // (c) 1976 Atari
pong                            // (c) 1972 Atari
pongd                           // (c) 1973 Atari
pongf                           // (c) 1972 Atari

@source:m62.cpp
battroad                        // (c) 1984
horizon                         // (c) 1985
kidniki                         // (c) 1986 + Data East USA license
kidnikiu                        // (c) 1986 + Data East USA license
kungfub                         // bootleg
kungfub2                        // bootleg
kungfum                         // (c) 1984
kungfumd                        // (c) 1984 + Data East license
ldrun                           // (c) 1984 licensed from Broderbund
ldrun2                          // (c) 1984 licensed from Broderbund
ldrun3                          // (c) 1985 licensed from Broderbund
ldrun3j                         // (c) 1985 licensed from Broderbund
ldrun4                          // (c) 1986 licensed from Broderbund
ldruna                          // (c) 1984 licensed from Broderbund
lithero                         // bootleg
lotlot                          // (c) 1985 licensed from Tokuma Shoten
spartanx                        // (c) 1984 (Japan)
spelunk2                        // (c) 1986 licensed from Broderbund
spelunkr                        // (c) 1985 licensed from Broderbund
spelunkrj                       // (c) 1985 licensed from Broderbund
yanchamr                        // (c) 1986 (Japan)
youjyudn                        // (c) 1986 (Japan)
